app/ConvexClientProvider.tsx(13,38): error TS2339: Property 'user' does not exist on type '{}'.
